[[1;34mINFO[m] Error stacktraces are turned on.
[[1;34mINFO[m] Scanning for projects...
[[1;34mINFO[m] 
[[1;34mINFO[m] [1m-----------------< [0;36mcom.securitytester:security-tester[0;1m >-----------------[m
[[1;34mINFO[m] [1mBuilding security-tester 0.0.1-SNAPSHOT[m
[[1;34mINFO[m]   from pom.xml
[[1;34mINFO[m] [1m--------------------------------[ jar ]---------------------------------[m
[[1;33mWARNING[m] 6 problems were encountered while building the effective model for org.openjfx:javafx-controls:jar:21.0.1 during dependency collection step for project (use -X to see details)
[[1;34mINFO[m] 
[[1;34mINFO[m] [1m--- [0;32mclean:3.2.0:clean[m [1m(default-clean)[m @ [36msecurity-tester[0;1m ---[m
[[1;34mINFO[m] Deleting /mnt/c/Users/randomguy/Documents/project/target
[[1;34mINFO[m] 
[[1;34mINFO[m] [1m--- [0;32mresources:3.3.1:resources[m [1m(default-resources)[m @ [36msecurity-tester[0;1m ---[m
[[1;34mINFO[m] Copying 6 resources from src/main/resources to target/classes
[[1;34mINFO[m] 
[[1;34mINFO[m] [1m--- [0;32mcompiler:3.11.0:compile[m [1m(default-compile)[m @ [36msecurity-tester[0;1m ---[m
[[1;34mINFO[m] Changes detected - recompiling the module! :input tree
[[1;34mINFO[m] Compiling 7 source files with javac [debug release 21 module-path] to target/classes
[[1;34mINFO[m] 
[[1;34mINFO[m] [1m--- [0;32mresources:3.3.1:testResources[m [1m(default-testResources)[m @ [36msecurity-tester[0;1m ---[m
[[1;34mINFO[m] skip non existing resourceDirectory /mnt/c/Users/randomguy/Documents/project/src/test/resources
[[1;34mINFO[m] 
[[1;34mINFO[m] [1m--- [0;32mcompiler:3.11.0:testCompile[m [1m(default-testCompile)[m @ [36msecurity-tester[0;1m ---[m
[[1;34mINFO[m] No sources to compile
[[1;34mINFO[m] 
[[1;34mINFO[m] [1m--- [0;32msurefire:2.17:test[m [1m(default-test)[m @ [36msecurity-tester[0;1m ---[m
[[1;34mINFO[m] Tests are skipped.
[[1;34mINFO[m] 
[[1;34mINFO[m] [1m--- [0;32mjar:3.1.2:jar[m [1m(default-jar)[m @ [36msecurity-tester[0;1m ---[m
[[1;34mINFO[m] Building jar: /mnt/c/Users/randomguy/Documents/project/target/security-tester-0.0.1-SNAPSHOT.jar
[[1;34mINFO[m] 
[[1;34mINFO[m] [1m--- [0;32mshade:3.5.1:shade[m [1m(default)[m @ [36msecurity-tester[0;1m ---[m
[[1;34mINFO[m] Including org.openjfx:javafx-controls:jar:21.0.1 in the shaded jar.
[[1;34mINFO[m] Including org.openjfx:javafx-controls:jar:linux:21.0.1 in the shaded jar.
[[1;34mINFO[m] Including org.openjfx:javafx-fxml:jar:21.0.1 in the shaded jar.
[[1;34mINFO[m] Including org.openjfx:javafx-fxml:jar:linux:21.0.1 in the shaded jar.
[[1;34mINFO[m] Including org.openjfx:javafx-web:jar:21.0.1 in the shaded jar.
[[1;34mINFO[m] Including org.openjfx:javafx-web:jar:linux:21.0.1 in the shaded jar.
[[1;34mINFO[m] Including org.openjfx:javafx-media:jar:21.0.1 in the shaded jar.
[[1;34mINFO[m] Including org.openjfx:javafx-media:jar:linux:21.0.1 in the shaded jar.
[[1;34mINFO[m] Including org.openjfx:javafx-base:jar:21.0.1 in the shaded jar.
[[1;34mINFO[m] Including org.openjfx:javafx-base:jar:linux:21.0.1 in the shaded jar.
[[1;34mINFO[m] Including org.openjfx:javafx-graphics:jar:21.0.1 in the shaded jar.
[[1;34mINFO[m] Including org.openjfx:javafx-graphics:jar:linux:21.0.1 in the shaded jar.
[[1;34mINFO[m] Including com.h2database:h2:jar:2.2.224 in the shaded jar.
[[1;34mINFO[m] Including org.jsoup:jsoup:jar:1.16.1 in the shaded jar.
[[1;34mINFO[m] Including com.fasterxml.jackson.core:jackson-core:jar:2.15.3 in the shaded jar.
[[1;34mINFO[m] Including com.fasterxml.jackson.core:jackson-databind:jar:2.15.3 in the shaded jar.
[[1;34mINFO[m] Including com.fasterxml.jackson.core:jackson-annotations:jar:2.15.3 in the shaded jar.
[[1;34mINFO[m] Including org.apache.httpcomponents.client5:httpclient5:jar:5.2.1 in the shaded jar.
[[1;34mINFO[m] Including org.apache.httpcomponents.core5:httpcore5:jar:5.2 in the shaded jar.
[[1;34mINFO[m] Including org.apache.httpcomponents.core5:httpcore5-h2:jar:5.2 in the shaded jar.
[[1;34mINFO[m] Including ch.qos.logback:logback-classic:jar:1.4.11 in the shaded jar.
[[1;34mINFO[m] Including ch.qos.logback:logback-core:jar:1.4.11 in the shaded jar.
[[1;34mINFO[m] Including org.slf4j:slf4j-api:jar:2.0.9 in the shaded jar.
[[1;34mINFO[m] Dependency-reduced POM written at: /mnt/c/Users/randomguy/Documents/project/dependency-reduced-pom.xml
[[1;33mWARNING[m] Discovered module-info.class. Shading will break its strong encapsulation.
[[1;33mWARNING[m] Discovered module-info.class. Shading will break its strong encapsulation.
[[1;33mWARNING[m] Discovered module-info.class. Shading will break its strong encapsulation.
[[1;33mWARNING[m] Discovered module-info.class. Shading will break its strong encapsulation.
[[1;33mWARNING[m] Discovered module-info.class. Shading will break its strong encapsulation.
[[1;33mWARNING[m] Discovered module-info.class. Shading will break its strong encapsulation.
[[1;33mWARNING[m] Discovered module-info.class. Shading will break its strong encapsulation.
[[1;33mWARNING[m] Discovered module-info.class. Shading will break its strong encapsulation.
[[1;33mWARNING[m] Discovered module-info.class. Shading will break its strong encapsulation.
[[1;33mWARNING[m] Discovered module-info.class. Shading will break its strong encapsulation.
[[1;33mWARNING[m] javafx-graphics-21.0.1-linux.jar, javafx-media-21.0.1-linux.jar, javafx-web-21.0.1-linux.jar define 2 overlapping resources: 
[[1;33mWARNING[m]   - META-INF/substrate/config/jniconfig-x86_64-linux.json
[[1;33mWARNING[m]   - META-INF/substrate/config/reflectionconfig-x86_64-linux.json
[[1;33mWARNING[m] javafx-graphics-21.0.1-linux.jar, javafx-web-21.0.1-linux.jar define 7 overlapping resources: 
[[1;33mWARNING[m]   - META-INF/substrate/config/jniconfig-aarch64-android.json
[[1;33mWARNING[m]   - META-INF/substrate/config/jniconfig-aarch64-darwin.json
[[1;33mWARNING[m]   - META-INF/substrate/config/jniconfig-arm64-ios.json
[[1;33mWARNING[m]   - META-INF/substrate/config/jniconfig-x86_64-darwin.json
[[1;33mWARNING[m]   - META-INF/substrate/config/jniconfig-x86_64-ios.json
[[1;33mWARNING[m]   - META-INF/substrate/config/reflectionconfig-aarch64-darwin.json
[[1;33mWARNING[m]   - META-INF/substrate/config/reflectionconfig-x86_64-darwin.json
[[1;33mWARNING[m] javafx-controls-21.0.1-linux.jar, javafx-graphics-21.0.1-linux.jar, javafx-media-21.0.1-linux.jar, javafx-web-21.0.1-linux.jar define 1 overlapping resource: 
[[1;33mWARNING[m]   - META-INF/substrate/config/resourcebundles
[[1;33mWARNING[m] javafx-base-21.0.1-linux.jar, javafx-controls-21.0.1-linux.jar, javafx-fxml-21.0.1-linux.jar, javafx-graphics-21.0.1-linux.jar define 1 overlapping resource: 
[[1;33mWARNING[m]   - META-INF/substrate/config/reflectionconfig.json
[[1;33mWARNING[m] jackson-core-2.15.3.jar, jackson-databind-2.15.3.jar, slf4j-api-2.0.9.jar define 1 overlapping classes: 
[[1;33mWARNING[m]   - META-INF.versions.9.module-info
[[1;33mWARNING[m] httpclient5-5.2.1.jar, httpcore5-5.2.jar, httpcore5-h2-5.2.jar, jackson-annotations-2.15.3.jar, jackson-core-2.15.3.jar, jackson-databind-2.15.3.jar, jsoup-1.16.1.jar define 1 overlapping resource: 
[[1;33mWARNING[m]   - META-INF/LICENSE
[[1;33mWARNING[m] javafx-controls-21.0.1-linux.jar, javafx-graphics-21.0.1-linux.jar, javafx-web-21.0.1-linux.jar define 3 overlapping resources: 
[[1;33mWARNING[m]   - META-INF/substrate/config/reflectionconfig-aarch64-android.json
[[1;33mWARNING[m]   - META-INF/substrate/config/reflectionconfig-arm64-ios.json
[[1;33mWARNING[m]   - META-INF/substrate/config/reflectionconfig-x86_64-ios.json
[[1;33mWARNING[m] httpclient5-5.2.1.jar, httpcore5-5.2.jar, httpcore5-h2-5.2.jar define 1 overlapping resource: 
[[1;33mWARNING[m]   - META-INF/DEPENDENCIES
[[1;33mWARNING[m] h2-2.2.224.jar, httpclient5-5.2.1.jar, httpcore5-5.2.jar, httpcore5-h2-5.2.jar, jackson-annotations-2.15.3.jar, jackson-core-2.15.3.jar, jackson-databind-2.15.3.jar, javafx-base-21.0.1-linux.jar, javafx-base-21.0.1.jar, javafx-controls-21.0.1-linux.jar, javafx-controls-21.0.1.jar, javafx-fxml-21.0.1-linux.jar, javafx-fxml-21.0.1.jar, javafx-graphics-21.0.1-linux.jar, javafx-graphics-21.0.1.jar, javafx-media-21.0.1-linux.jar, javafx-media-21.0.1.jar, javafx-web-21.0.1-linux.jar, javafx-web-21.0.1.jar, jsoup-1.16.1.jar, logback-classic-1.4.11.jar, logback-core-1.4.11.jar, security-tester-0.0.1-SNAPSHOT.jar, slf4j-api-2.0.9.jar define 1 overlapping resource: 
[[1;33mWARNING[m]   - META-INF/MANIFEST.MF
[[1;33mWARNING[m] httpclient5-5.2.1.jar, httpcore5-5.2.jar, httpcore5-h2-5.2.jar, jackson-annotations-2.15.3.jar, jackson-core-2.15.3.jar, jackson-databind-2.15.3.jar define 1 overlapping resource: 
[[1;33mWARNING[m]   - META-INF/NOTICE
[[1;33mWARNING[m] maven-shade-plugin has detected that some files are
[[1;33mWARNING[m] present in two or more JARs. When this happens, only one
[[1;33mWARNING[m] single version of the file is copied to the uber jar.
[[1;33mWARNING[m] Usually this is not harmful and you can skip these warnings,
[[1;33mWARNING[m] otherwise try to manually exclude artifacts based on
[[1;33mWARNING[m] mvn dependency:tree -Ddetail=true and the above output.
[[1;33mWARNING[m] See https://maven.apache.org/plugins/maven-shade-plugin/
[[1;34mINFO[m] Replacing original artifact with shaded artifact.
[[1;34mINFO[m] Replacing /mnt/c/Users/randomguy/Documents/project/target/security-tester-0.0.1-SNAPSHOT.jar with /mnt/c/Users/randomguy/Documents/project/target/security-tester-0.0.1-SNAPSHOT-shaded.jar
[[1;34mINFO[m] [1m------------------------------------------------------------------------[m
[[1;34mINFO[m] [1;32mBUILD SUCCESS[m
[[1;34mINFO[m] [1m------------------------------------------------------------------------[m
[[1;34mINFO[m] Total time:  10.262 s
[[1;34mINFO[m] Finished at: 2025-11-09T13:05:17+05:30
[[1;34mINFO[m] [1m------------------------------------------------------------------------[m
